X...X...X...X...#XXX#.....X...XXX.X...X...X...#XX...#...#XX...XX
.X.X.#.X.X.X.X.X.XXX.X.X.X.X.X.X...X.X.X.X.X.XXX.X.X.X.XXX.#.X.X
..................X...X.........X#...........#X.........#.......
.X.X.X.X.X.X.#.X.#.X.X#X.X.#.X.X.X.X.X.X.X.X#X.#.#.X#X.X..#X.X.X
X...X...XXXXX#X.......#XX#X...X...#..#X...#XX...X...X...#.X...XX
.X.X.X.X#X.X.X.X.#.X.X.X.X.X.#.X.X.X.X#X.#.X.X.X.X.X.X.XXX.#.X.X
......#...........X...................X...............##X.......
.X.#.X.X#X.X.X.X.X.X.X.X.X.X.X.X.X.X.X.X.X.#.X.X.#.X.X.#.X.#.#.X
..#.....X...X...X#....XX##X#X#X...X.....#...X...#...X.......X...
.X.X.X.X.X#X.X.X.X.X.X.##X.X.X.X.XXX.X.X.X.XXX.X.X.X.X#X.X.X##.X
....X#X...X.......X.....X.........#...X#....#XX#......X..#..#...
.X.X.X.X.X.X.X.X.X.X.X.XXX.X.X.X.#.X.X.X#X.X.X.X.#.X#X.X.X.X.X.X
#X#.........#...X.....XXXXX...#.....X...X.......X...X...X#...#..
.X.X.X.X.X.X.X.X#X.X.X.XX#.#.X.#.X.XXX.XXX#X.X.X#X.X.X.X.#.X.X.#
......#...X.....XXX.....X.......#...X...X...X#XX#...........##X.
.X.X.X.X.#.X#X.X.XXX.X.X#X.X.X.X.X#X#X.X#X.X.X.XXX.X.X.X.X.X.X#.
X...#.......X.....X...XXXX#XX.......X...X.......X..#X...X.......
.X.X.X.X.X.XXX.X.X.X.X.#XXX##X.X.X.XXX.XXX.X.X.X#X.#.X.X.X.X.X.X
......X...XX#...X.......X#X.X...XXX##...X...XX#......#X.....#...
.X.X.X#X.XXX.X.X.X.#.X.X.X..#X.XXX.X.X.X.X.X.X.X.X.X.X.X.X.X.X#.
XXX...#X##X...X#..X...X...#....#X...............X...#.....X#..X.
.X.X.X.X.X.X.X.X.X.X.X.X.XXX.X...X.X.X.X.X.X.X.X.X.X.X.X#X.X.X.X
..........................X#..#.#...X#XX#...X#X...X.....X.......
.X.X.X.X.X.X.X.X.X.X.X.X.X.##X.#.X.X.X.X.X.X.X.X.X.X##.XXX.X.X.X
..X...#XX...X...X.X...X.....X#.#.##.................X#X##...X#X#
.X#X.X.X.X.X.X.X#..X.#XX.X.X.X.X.X.X.X.X.X.X.X.X.X.X#X.X.X.X.X.X
X.........X.......#..#X...X#........#...X#..X#..XXXXX...........
.X.X.X.X.X.X.X.X.X.X.X.X.XX#.X.X.X#X.X.X.X#X.X.X.X.X.X.X.#.X.X.X
..X...X..#....X.....X.....#X#XX...X.......X..#X......#X...#XX#..
.X#X.X#X.X.#.X#X.X.X#X.X.X.X.X#X.X.X.X.X.X.X.X.X.#.X.X.#.XXX.X.X
..X.....X#X...#...X..#X...............#...........X#X.....X...XX
.X.#.X#X.XXX.X.X.XXX.XXX.X.X.#.X.#.X.#.X.X.X.X.X.X.X.X#X.X.X.X.X
......X...XXX#..XX#..#X#X...X...XX#XX...#...X...X.....X.........
.X.X.X.X.X.X.X.X#X.X.X#X.X.XXX.X#X.X.X.XXX.X.X.X.X.X.XXX.X.X##.X
XXX...................X....#X...X.......X.....X...X..#X...X.....
.X.X.X.X.X.#.X.#.X.#.X.X.X.X.X.X.X.X.X.X.X.X.X.X.X.X.X.X.X.X#X.X
......XX#...XXX...XXX...X#X..#X...XX#.....X.................###X
.X.X.#XX.X.X.X#X.X.X#X.XXX.#.XXX.XXXXX.X.X#X.X.X.X.X.X.X.X.X.XXX
..X...X.......X.....X...#.....#...X##...XXX...X#X...X...X.....#X
#X.X.X#X.X.X.XXX.#.X.X.XXX.X.XXX.X.X.X.X#X.X.X.X.X.X.X.XXX.X.#.X
X.....XXX...XX#XX.......#XX...X.........X...X......#..#XXX#.....
.#.X.X.X.X.#.X.X#X.X.X.X.X.X.X.X.X.X.X.X.X.X.X.X.X.X.#.XXX.X.X.X
..X.......X.....X...X#X.........X#..X.........#X#.......#.....XX
.X#X.X.X.X.X.X.X#X.#XXX#.X.X.X.X...X.X.X.X.X.X.X.X.X.#.XXX.X.X.X
..#...X.....#....#X.X##..#X...XXX.#.....X...X#....#...X.XXX.....
.#.X.X.X.X#X.X.X.X...X.X.XXX.X#XXX.X.X.X.X.X.X#X.X.X.X...X.X.X.X
........XXX...X....#X.....#...##X...X.....X#..X.....##.##...#...
.X.X.X.X.X.X.X##.X...X.X.X.X.X.#.X.X.X.X.XXX.#XX.X.X.#.X#X.X.X.X
XXX...X.......X...X.XXX#X...............X##...X..#X.....X.......
.X.#.X#X.X.X.X.X.X.XXX.X.X.#.X.X.X.X.X.X.X.X.X.X.X.X.##X.X.X.X.#
......X...XX#.......#.....#XX...X...X................#......X...
.X.X.X#X.X#X.X.X.X.#.X#X.XX#.X.X#X.X#X.X.X.#.X.X.X.X.X.X.X.X.#.X
..X...X...X...X...X...X...X......#XXX...X...X#X...XXX##...X.....
.XX#.XXX.XXX.#.X.X.X.X.X.X#X.X.X.X.X.X.X.X.X.X.X.X.X.XXX.X.X.X.X
XX#...#...X...............X#X...X.....X.........X.....##X...#...
.X.X.#.X.X.X.X.X.X.X.X.X.X.X.X.X#X.X.XXX.X.X.X.XXX.X.X.XXX.X.X.X
..............X...X...X...........X...X..#XXX#X#XXX.....X#......
.X.X.X.#.X.X.X#X.X.X.#.X.X.X.#.X#X.X.X.X#X.X.X.X#X#X.#.X.X.X.X.X
..X...X...X...X....#X.....X...XXX.......#......#X#X...X...XXX...
.X.X.X.X.#.X.X.#.X.X##.X.X..#X#X.X.X.X.X.X.X.##X.X.X.X.X.X.XX#.X
X.......X.......#X#...X...X#..X...X...X...X.................#...
#X.X.X.X#X.X.X.X.X.X.X.X.#.X.#.#.X.X.X.X.X.X.X.X.X.#.X.X.X.X#X#.
XXX...X.....X........#........................#...X...X..##.#...
XX#X.XXX.X.X#X.X.X.X.X.#.X.X.X.X.X.X.X.X.#.X.XX#.X#X.XXX.....X.X
